/Users/jim/projects/vault/stablepairs/.venv/lib/python3.9/site-packages/urllib3/__init__.py:35: NotOpenSSLWarning: urllib3 v2 only supports OpenSSL 1.1.1+, currently the 'ssl' module is compiled with 'LibreSSL 2.8.3'. See: https://github.com/urllib3/urllib3/issues/3020
  warnings.warn(
[1] discovering live USDT stablecoin pairs on binance ...
      legA       legB     n  coint_p
FDUSD/USDT  USD1/USDT 34560 0.001706
 USDC/USDT  USD1/USDT 34560 0.134012
 USDC/USDT FDUSD/USDT 34560 0.146385

[2] best pair: FDUSD/USDT vs USD1/USDT  (coint p=0.001706)
    beta=-0.5836  half-life=72.1 bars

[3] fitting 2-state Markov-switching OU ...
    regime 0 [REVERT ] phi=0.9841 kappa=0.0159 half-life=43.3 sigma=2.56e-01
    regime 1 [DIVERGE] phi=0.9914 kappa=0.0086 half-life=79.9 sigma=1.26e-01

[4] backtest (honest fees):
    regime ON : ret=-63.24%  Sharpe=-57.05  maxDD=-63.24%  trades=596  {'TP': 41, 'STOPz': 496, 'PRICE': 0, 'TIME': 50, 'FLIP': 8, 'DEPEG': 0}
    regime OFF: ret=-64.23%  Sharpe=-57.85  maxDD=-64.23%  trades=613  {'TP': 41, 'STOPz': 520, 'PRICE': 0, 'TIME': 51, 'FLIP': 0, 'DEPEG': 0}

[5] suggested Pine inputs -> paste into 'Stay Cool C — Regime-Hardened':
    kappaMin = 0.01225
    entryZ = 1.0
    exitZ = 0.2
    stopZ = 3.0
    maxHold = 130
    revert_half_life_bars = 43.3
    revert_expected_duration_bars = 5.4
    diverge_expected_duration_bars = 124.7
