/Users/jim/projects/compound/.venv/lib/python3.9/site-packages/urllib3/__init__.py:35: NotOpenSSLWarning: urllib3 v2 only supports OpenSSL 1.1.1+, currently the 'ssl' module is compiled with 'LibreSSL 2.8.3'. See: https://github.com/urllib3/urllib3/issues/3020
  warnings.warn(
2026-07-05 05:59:28,466 INFO root LIVE with live_test_mode caps: <=300 USD/offer, period<=2d, <=2 concurrent
2026-07-05 05:59:29,433 INFO compound.state released 1 repaid fill(s) from committed budget
2026-07-05 05:59:30,525 INFO compound.loop placed probe-fill: id=5025098397 164.00 USD @ 0.000156 2d
2026-07-05 06:34:29,558 INFO compound.state offer 5025098397 attributed as FILLED (164.0 @ 0.00015616 for 2d)
2026-07-05 09:49:29,720 INFO compound.state released 1 repaid fill(s) from committed budget
2026-07-05 09:49:31,222 INFO compound.loop placed probe-fill: id=5025266471 164.00 USD @ 0.000301 2d
2026-07-05 09:54:30,967 INFO compound.loop canceled offer 5025266471 (0.000301 @ 2d, filled portion 0.00)
2026-07-05 09:54:31,234 INFO compound.loop placed probe-fill: id=5025269395 164.00 USD @ 0.000210 2d
2026-07-05 10:04:30,724 INFO compound.loop canceled offer 5025269395 (0.000210 @ 2d, filled portion 0.00)
2026-07-05 10:04:31,004 INFO compound.loop placed probe-fill: id=5025274662 164.00 USD @ 0.000156 2d
2026-07-05 10:09:31,381 INFO compound.loop canceled offer 5025274662 (0.000156 @ 2d, filled portion 0.00)
2026-07-05 10:09:31,694 INFO compound.loop placed probe-fill: id=5025277504 164.00 USD @ 0.000301 2d
2026-07-05 10:14:31,717 INFO compound.loop canceled offer 5025277504 (0.000301 @ 2d, filled portion 0.00)
2026-07-05 10:14:31,985 INFO compound.loop placed probe-fill: id=5025280283 164.00 USD @ 0.000156 2d
2026-07-05 10:24:30,670 INFO compound.loop canceled offer 5025280283 (0.000156 @ 2d, filled portion 0.00)
2026-07-05 10:24:30,925 INFO compound.loop placed probe-fill: id=5025285170 164.00 USD @ 0.000252 2d
2026-07-05 10:29:30,942 INFO compound.loop canceled offer 5025285170 (0.000252 @ 2d, filled portion 0.00)
2026-07-05 10:29:31,246 INFO compound.loop placed probe-fill: id=5025288050 164.00 USD @ 0.000156 2d
2026-07-05 10:34:29,951 INFO compound.state offer 5025288050 attributed as FILLED (164.0 @ 0.00015616 for 2d)
2026-07-05 15:55:53,347 WARNING compound.boundary auth/r/wallets transient (connection: ('Connection aborted.', ConnectionResetError(54, 'Connection reset by peer'))), retry 1/4 in 2.3s
2026-07-05 15:55:56,665 INFO compound.state released 1 repaid fill(s) from committed budget
2026-07-05 15:55:56,681 WARNING compound.boundary ticker/fUSD transient (connection: ('Connection aborted.', ConnectionResetError(54, 'Connection reset by peer'))), retry 1/4 in 2.1s
2026-07-05 16:06:32,238 WARNING compound.boundary auth/r/wallets transient (connection: ('Connection aborted.', ConnectionResetError(54, 'Connection reset by peer'))), retry 1/4 in 2.1s
2026-07-05 16:06:35,274 WARNING compound.boundary ticker/fUSD transient (connection: ('Connection aborted.', ConnectionResetError(54, 'Connection reset by peer'))), retry 1/4 in 2.0s
